./AF/AF-Q57652-F1-model_v4.pdb
./AF/AF-P0CL56-F1-model_v4.pdb
./AF/AF-Q60368-F1-model_v4.pdb
./AF/AF-Q57873-F1-model_v4.pdb
./AF/AF-Q57718-F1-model_v4.pdb
./AF/AF-Q58231-F1-model_v4.pdb
./AF/AF-Q58063-F1-model_v4.pdb
./AF/AF-Q59065-F1-model_v4.pdb
./AF/AF-Q60264-F1-model_v4.pdb
./AF/AF-Q57941-F1-model_v4.pdb
./AF/AF-Q60311-F1-model_v4.pdb
./AF/AF-Q57800-F1-model_v4.pdb
./AF/AF-Q57644-F1-model_v4.pdb
./AF/AF-P54054-F1-model_v4.pdb
./AF/AF-Q58522-F1-model_v4.pdb
./AF/AF-P54110-F1-model_v4.pdb
./AF/AF-Q58795-F1-model_v4.pdb
./AF/AF-P54035-F1-model_v4.pdb
./AF/AF-P0CW37-F1-model_v4.pdb
./AF/AF-P54026-F1-model_v4.pdb
./AF/AF-P54065-F1-model_v4.pdb
./AF/AF-P81317-F1-model_v4.pdb
./AF/AF-P54025-F1-model_v4.pdb
./AF/AF-Q58342-F1-model_v4.pdb
./AF/AF-P54025-F1-model_v4.cif
./AF/AF-Q57643-F1-model_v4.pdb
./AF/AF-Q58552-F1-model_v4.pdb
./AF/AF-Q57720-F1-model_v4.pdb
./AF/AF-Q58385-F1-model_v4.pdb
./AF/AF-Q57945-F1-model_v4.pdb
./AF/AF-Q58150-F1-model_v4.pdb
./AF/AF-Q58176-F1-model_v4.pdb
./AF/AF-P0CW76-F1-model_v4.pdb
./AF/AF-Q57953-F1-model_v4.pdb
./AF/AF-Q60378-F1-model_v4.cif
./AF/AF-P54011-F1-model_v4.pdb
./AF/AF-Q58041-F1-model_v4.pdb
./AF/AF-Q57632-F1-model_v4.pdb
./AF/AF-P54058-F1-model_v4.pdb
./AF/AF-P81312-F1-model_v4.pdb
./AF/AF-Q58397-F1-model_v4.pdb
./AF/AF-Q59003-F1-model_v4.pdb
./AF/AF-Q58638-F1-model_v4.pdb
./AF/AF-Q57817-F1-model_v4.pdb
./AF/AF-Q58132-F1-model_v4.pdb
./AF/AF-Q58393-F1-model_v4.pdb
./AF/AF-Q58147-F1-model_v4.pdb
./AF/AF-Q58238-F1-model_v4.pdb
./AF/AF-Q60262-F1-model_v4.pdb
./AF/AF-Q60263-F1-model_v4.pdb
./AF/AF-Q58230-F1-model_v4.pdb
./AF/AF-Q58781-F1-model_v4.pdb
./AF/AF-Q58553-F1-model_v4.pdb
./AF/AF-Q58567-F1-model_v4.pdb
./AF/AF-Q57982-F1-model_v4.pdb
./AF/AF-Q57879-F1-model_v4.pdb
./AF/AF-Q57610-F1-model_v4.pdb
./AF/AF-P0CW38-F1-model_v4.pdb
./AF/AF-Q57754-F1-model_v4.pdb
./AF/AF-Q58945-F1-model_v4.pdb
./AF/AF-P54056-F1-model_v4.pdb
./AF/AF-Q58262-F1-model_v4.pdb
./AF/AF-Q58800-F1-model_v4.pdb
./AF/AF-Q60322-F1-model_v4.pdb
./AF/AF-Q58627-F1-model_v4.pdb
./AF/AF-Q57866-F1-model_v4.pdb
./AF/AF-P54031-F1-model_v4.pdb
./AF/AF-Q58946-F1-model_v4.pdb
./AF/AF-Q58655-F1-model_v4.pdb
./AF/AF-P59283-F1-model_v4.pdb
./AF/AF-Q57649-F1-model_v4.pdb
./AF/AF-P81309-F1-model_v4.pdb
./AF/AF-Q59016-F1-model_v4.pdb
./AF/AF-Q58974-F1-model_v4.pdb
./AF/AF-Q58443-F1-model_v4.pdb
./AF/AF-Q58864-F1-model_v4.pdb
./AF/AF-Q60265-F1-model_v4.pdb
./AF/AF-Q58003-F1-model_v4.pdb
./AF/AF-Q58074-F1-model_v4.pdb
./AF/AF-Q57966-F1-model_v4.pdb
./AF/AF-P81303-F1-model_v4.pdb
./AF/AF-Q58545-F1-model_v4.pdb
./AF/AF-P54064-F1-model_v4.pdb
./AF/AF-Q57642-F1-model_v4.pdb
./AF/AF-P81308-F1-model_v4.pdb
./AF/AF-P54052-F1-model_v4.pdb
./AF/AF-Q57844-F1-model_v4.pdb
./AF/AF-Q57613-F1-model_v4.pdb
./AF/AF-Q57839-F1-model_v4.pdb
./AF/AF-Q58525-F1-model_v4.pdb
./AF/AF-Q60378-F1-model_v4.pdb
./AF/AF-Q57650-F1-model_v4.pdb
./AF/AF-P60460-F1-model_v4.pdb
./AF/AF-Q57987-F1-model_v4.pdb
./AF/AF-Q58830-F1-model_v4.pdb
./AF/AF-Q58968-F1-model_v4.pdb
./AF/AF-Q58162-F1-model_v4.pdb
./AF/AF-P54028-F1-model_v4.pdb
./AF/AF-Q60259-F1-model_v4.pdb
./AF/AF-Q57808-F1-model_v4.pdb
